// Jest Snapshot v1, https://goo.gl/fbAQLP

exports[`Footer matches snapshot 1`] = `
<footer
  className="footerStyle"
>
  <span>
    filmSearch â“’ 2019 built with
  </span>
  <img
    alt=""
    className="tmdbStyle"
    src="https://www.themoviedb.org/assets/2/v4/logos/408x161-powered-by-rectangle-green-bb4301c10ddc749b4e79463811a68afebeae66ef43d17bcfd8ff0e60ded7ce99.png"
  />
</footer>
`;
